// Jest Snapshot v1, https://goo.gl/fbAQLP

exports[`renders correctly 1`] = `
<Modal
  onRequestClose={[Function]}
  style={
    Object {
      "backgroundColor": "rgba(255, 255, 255, 0.2)",
      "bottom": 0,
      "left": 0,
      "right": 0,
      "top": 0,
    }
  }
  visible={true}
>
  <TouchableOpacity
    activeOpacity={0.2}
    focusedOpacity={0.7}
    onPress={[Function]}
    style={
      Object {
        "backgroundColor": "rgba(255,255,255,0.1)",
        "bottom": 0,
        "left": 0,
        "position": "absolute",
        "right": 0,
        "top": 0,
      }
    }
  >
    <TouchableOpacity
      activeOpacity={1}
      focusedOpacity={0.7}
      onPress={[Function]}
      style={
        Object {
          "backgroundColor": "#e8eaeb",
          "height": 1067.2,
          "left": 75,
          "paddingBottom": 50,
          "paddingLeft": 40,
          "paddingRight": 40,
          "paddingTop": 20,
          "position": "absolute",
          "top": 133.4,
          "width": 600,
        }
      }
    >
      <ModalCloseButton
        close={[Function]}
      />
      <ModalHeader
        modalName="SUB PRODUCTS"
      />
      <RowNB
        size={18}
      >
        <ColumnNB
          size={35}
          style={
            Object {
              "borderColor": "#404048",
              "borderRightWidth": 0.2,
              "marginBottom": 20,
              "marginTop": 50,
            }
          }
        >
          <RowNB>
            <ButtonItem
              style={
                Array [
                  Object {
                    "marginLeft": 0,
                    "marginRight": 40,
                  },
                  Object {
                    "backgroundColor": "#404048",
                  },
                ]
              }
              text="Starters"
              textStyle={
                Object {
                  "color": "#fefefe",
                  "fontSize": 16,
                }
              }
            />
          </RowNB>
          <RowNB>
            <ButtonItem
              modalActive={true}
              style={
                Array [
                  Object {
                    "marginLeft": 0,
                    "marginRight": 40,
                  },
                  Object {
                    "backgroundColor": "#66666d",
                  },
                ]
              }
              text="Main Courses"
              textStyle={
                Object {
                  "color": "#fefefe",
                  "fontSize": 16,
                }
              }
            />
          </RowNB>
          <RowNB>
            <ButtonItem
              style={
                Array [
                  Object {
                    "marginLeft": 0,
                    "marginRight": 40,
                  },
                  Object {
                    "backgroundColor": "#8d8d91",
                  },
                ]
              }
              text="Desserts"
              textStyle={
                Object {
                  "color": "#fefefe",
                  "fontSize": 16,
                }
              }
            />
          </RowNB>
          <RowNB>
            <ButtonItem
              style={
                Array [
                  Object {
                    "marginLeft": 0,
                    "marginRight": 40,
                  },
                  Object {
                    "backgroundColor": "#bec3c7",
                  },
                ]
              }
              text="Drinks"
              textStyle={
                Object {
                  "color": "#fefefe",
                  "fontSize": 16,
                }
              }
            />
          </RowNB>
          <RowNB
            size={3}
          />
          <RowNB>
            <ButtonItem
              style={
                Array [
                  Object {
                    "marginLeft": 0,
                    "marginRight": 40,
                  },
                  Object {
                    "backgroundColor": "#3cb671",
                  },
                ]
              }
              text="OK"
              textStyle={
                Object {
                  "color": "#fefefe",
                  "fontSize": 16,
                }
              }
            />
          </RowNB>
        </ColumnNB>
        <ColumnNB
          size={65}
          style={
            Object {
              "paddingLeft": 50,
              "paddingTop": 50,
            }
          }
        >
          <SwipeALot
            circleActiveStyle={
              Object {
                "backgroundColor": "#404048",
              }
            }
            circleDefaultStyle={
              Object {
                "backgroundColor": "transparent",
                "borderColor": "#404048",
                "borderRadius": 10,
                "borderWidth": 1,
                "height": 8,
                "margin": 7,
                "marginTop": 3,
                "top": -2,
                "width": 8,
              }
            }
          >
            <View
              style={
                Object {
                  "alignItems": "center",
                  "flex": 1,
                  "justifyContent": "center",
                  "marginBottom": 15,
                }
              }
            >
              <RowNB>
                <IconButton
                  active={true}
                  price="20,00 DKK"
                  text="Crossaint"
                />
                <IconButton
                  active={true}
                  price="20,00 DKK"
                  text="Crossaint"
                />
                <IconButton
                  active={true}
                  price="20,00 DKK"
                  text="Crossaint"
                />
                <IconButton
                  active={true}
                  price="20,00 DKK"
                  text="Crossaint"
                />
              </RowNB>
              <RowNB>
                <IconButton
                  active={true}
                  price="20,00 DKK"
                  text="Crossaint"
                />
                <IconButton
                  active={true}
                  price="20,00 DKK"
                  text="Crossaint"
                />
                <IconButton
                  active={true}
                  price="20,00 DKK"
                  text="Crossaint"
                />
                <IconButton
                  active={true}
                  price="20,00 DKK"
                  text="Crossaint"
                />
              </RowNB>
              <RowNB>
                <IconButton
                  active={true}
                  price="20,00 DKK"
                  text="Crossaint"
                />
                <IconButton
                  active={true}
                  price="20,00 DKK"
                  text="Crossaint"
                />
                <IconButton
                  active={true}
                  price="20,00 DKK"
                  text="Crossaint"
                />
                <IconButton
                  active={true}
                  price="20,00 DKK"
                  text="Crossaint"
                />
              </RowNB>
              <RowNB>
                <IconButton
                  active={true}
                  price="20,00 DKK"
                  text="Crossaint"
                />
                <IconButton
                  active={true}
                  price="20,00 DKK"
                  text="Crossaint"
                />
                <IconButton
                  active={true}
                  price="20,00 DKK"
                  text="Crossaint"
                />
                <IconButton
                  active={true}
                  price="20,00 DKK"
                  text="Crossaint"
                />
              </RowNB>
            </View>
            <View
              style={
                Object {
                  "alignItems": "center",
                  "flex": 1,
                  "justifyContent": "center",
                  "marginBottom": 15,
                }
              }
            >
              <RowNB>
                <IconButton
                  active={true}
                  price="20,00 DKK"
                  text="Crossaint"
                />
                <IconButton
                  active={true}
                  price="20,00 DKK"
                  text="Crossaint"
                />
                <IconButton
                  active={true}
                  price="20,00 DKK"
                  text="Crossaint"
                />
                <IconButton
                  active={true}
                  price="20,00 DKK"
                  text="Crossaint"
                />
              </RowNB>
              <RowNB>
                <IconButton
                  active={true}
                  price="20,00 DKK"
                  text="Crossaint"
                />
                <IconButton
                  active={true}
                  price="20,00 DKK"
                  text="Crossaint"
                />
                <IconButton
                  active={true}
                  price="20,00 DKK"
                  text="Crossaint"
                />
                <IconButton
                  active={true}
                  price="20,00 DKK"
                  text="Crossaint"
                />
              </RowNB>
              <RowNB>
                <IconButton
                  active={true}
                  price="20,00 DKK"
                  text="Crossaint"
                />
                <IconButton
                  active={true}
                  price="20,00 DKK"
                  text="Crossaint"
                />
                <IconButton
                  active={true}
                  price="20,00 DKK"
                  text="Crossaint"
                />
                <IconButton
                  active={true}
                  price="20,00 DKK"
                  text="Crossaint"
                />
              </RowNB>
              <RowNB>
                <IconButton
                  active={true}
                  price="20,00 DKK"
                  text="Crossaint"
                />
                <IconButton
                  active={true}
                  price="20,00 DKK"
                  text="Crossaint"
                />
                <IconButton
                  active={true}
                  price="20,00 DKK"
                  text="Crossaint"
                />
                <IconButton
                  active={true}
                  price="20,00 DKK"
                  text="Crossaint"
                />
              </RowNB>
            </View>
            <View
              style={
                Object {
                  "alignItems": "center",
                  "flex": 1,
                  "justifyContent": "center",
                  "marginBottom": 15,
                }
              }
            >
              <RowNB>
                <IconButton
                  active={true}
                  price="20,00 DKK"
                  text="Crossaint"
                />
                <IconButton
                  active={true}
                  price="20,00 DKK"
                  text="Crossaint"
                />
                <IconButton
                  active={true}
                  price="20,00 DKK"
                  text="Crossaint"
                />
                <IconButton
                  active={true}
                  price="20,00 DKK"
                  text="Crossaint"
                />
              </RowNB>
              <RowNB>
                <IconButton
                  active={true}
                  price="20,00 DKK"
                  text="Crossaint"
                />
                <IconButton
                  active={true}
                  price="20,00 DKK"
                  text="Crossaint"
                />
                <IconButton
                  active={true}
                  price="20,00 DKK"
                  text="Crossaint"
                />
                <IconButton
                  active={true}
                  price="20,00 DKK"
                  text="Crossaint"
                />
              </RowNB>
              <RowNB>
                <IconButton
                  active={true}
                  price="20,00 DKK"
                  text="Crossaint"
                />
                <IconButton
                  active={true}
                  price="20,00 DKK"
                  text="Crossaint"
                />
                <IconButton
                  active={true}
                  price="20,00 DKK"
                  text="Crossaint"
                />
                <IconButton
                  active={true}
                  price="20,00 DKK"
                  text="Crossaint"
                />
              </RowNB>
              <RowNB>
                <IconButton
                  active={true}
                  price="20,00 DKK"
                  text="Crossaint"
                />
                <IconButton
                  active={true}
                  price="20,00 DKK"
                  text="Crossaint"
                />
                <IconButton
                  active={true}
                  price="20,00 DKK"
                  text="Crossaint"
                />
                <IconButton
                  active={true}
                  price="20,00 DKK"
                  text="Crossaint"
                />
              </RowNB>
            </View>
          </SwipeALot>
        </ColumnNB>
      </RowNB>
    </TouchableOpacity>
  </TouchableOpacity>
</Modal>
`;
