// Jest Snapshot v1, https://goo.gl/fbAQLP

exports[`renders correctly 1`] = `
<Modal
  onRequestClose={[Function]}
  style={
    Object {
      "backgroundColor": "rgba(255, 255, 255, 0.2)",
      "bottom": 0,
      "left": 0,
      "right": 0,
      "top": 0,
    }
  }
  visible={true}
>
  <TouchableOpacity
    activeOpacity={0.2}
    focusedOpacity={0.7}
    onPress={[Function]}
    style={
      Object {
        "backgroundColor": "rgba(255,255,255,0.1)",
        "bottom": 0,
        "left": 0,
        "position": "absolute",
        "right": 0,
        "top": 0,
      }
    }
  >
    <TouchableOpacity
      activeOpacity={1}
      focusedOpacity={0.7}
      onPress={[Function]}
      style={
        Object {
          "backgroundColor": "#e8eaeb",
          "height": 1067.2,
          "left": 75,
          "paddingBottom": 20,
          "paddingLeft": 40,
          "paddingRight": 40,
          "paddingTop": 20,
          "position": "absolute",
          "top": 133.4,
          "width": 600,
        }
      }
    >
      <ModalCloseButton
        close={[Function]}
      />
      <ModalHeader
        modalName="WELCOME"
      />
      <RowNB
        size={20}
      >
        <UserSearchBlock
          login={[Function]}
        />
        <UserLoginBlock
          close={[Function]}
        />
      </RowNB>
      <RowNB
        size={0.5}
      />
    </TouchableOpacity>
  </TouchableOpacity>
</Modal>
`;
